
> autorun@1.0.0 autorun:session:impl
> tsx scripts/verify-session-impl.ts --file=./prototypes/canvas-administrador-encuestas-2026-02-16.html

🚀 INITIALIZING AUTORUN SESSION...

🔹 Executing: verify-boot-impl.ts --file=./prototypes/canvas-administrador-encuestas-2026-02-16.html
(node:41651) [DEP0190] DeprecationWarning: Passing args to a child process with shell option true can lead to security vulnerabilities, as the arguments are not escaped, only concatenated.
(Use `node --trace-deprecation ...` to show where the warning was created)
🚀 Starting Strict Boot Verification (Impl Mode)...
📄 Target: ./prototypes/canvas-administrador-encuestas-2026-02-16.html
   ✅ Servidor HTTP local iniciado en http://localhost:3000
✅ Server ready at http://localhost:3000
✅ System Healthy (LocalServer started)
⚡ Running Fast HTTP Check (4 Smoke Checks)...
   ✅ [MockRegistry] Servido manifest para: accordion
  ✅ 200 OK: /registry-providers/ubits/components/accordion/manifest.json
   ✅ [MockRegistry] Servido manifest para: card
  ✅ 200 OK: /registry-providers/ubits/components/card/manifest.json
   ✅ [MockRegistry] Servido manifest para: button
  ✅ 200 OK: /registry-providers/ubits/components/button/manifest.json
   ✅ [MockRegistry] Servido manifest para: tabs
  ✅ 200 OK: /registry-providers/ubits/components/tabs/manifest.json
🕵️  Running Runtime Verification (Playwright)...
🌐 Navigating to: http://localhost:3000/canvas-administrador-encuestas-2026-02-16.html
🌐 [Network] GET http://localhost:3000/canvas-administrador-encuestas-2026-02-16.html
   📂 Serving: canvas-administrador-encuestas-2026-02-16.html -> /Users/ub-col-pro-lf4/Desktop/Autorun/prototypes/canvas-administrador-encuestas-2026-02-16.html
🌐 [Network] GET http://localhost:3000/vendor/ubits/packages/tokens/dist/tokens.css
🌐 [Network] GET http://localhost:3000/vendor/ubits/packages/tokens/dist/figma-tokens.css
🌐 [Network] GET http://localhost:3000/vendor/ubits/packages/typography/fonts.css
🌐 [Network] GET http://localhost:3000/vendor/ubits/packages/typography/tokens-typography.css
🌐 [Network] GET http://localhost:3000/vendor/ubits/packages/templates/assets/fontawesome/css/all.min.css
🌐 [Network] GET http://localhost:3000/vendor/ubits/packages/templates/dist/components-bundle.css
🌐 [Network] GET http://localhost:3000/packages/autorun-core/dist/runtime/runtime-bundle.js
🌐 [Network] GET http://localhost:3000/vendor/ubits/packages/templates/dist/components-bundle.js
🌐 [Network] GET http://localhost:3000/vendor/ubits/packages/templates/components-bridge.js
🌐 [Network] GET http://localhost:3000/vendor/ubits/packages/templates/config/products.js
🌐 [Network] GET http://localhost:3000/vendor/ubits/packages/templates/config/theme-manager.js
🌐 [Network] GET http://localhost:3000/vendor/ubits/packages/templates/config/responsive-manager.js
🌐 [Network] GET http://localhost:3000/vendor/ubits/packages/templates/engine/template-loader.js
🌐 [Network] GET http://localhost:3000/vendor/ubits/packages/templates/engine/content-manager.js
🌐 [Network] GET http://localhost:3000/assets/components-bundle.js?v=debug1
   📂 Serving: vendor/ubits/packages/tokens/dist/tokens.css -> /Users/ub-col-pro-lf4/Desktop/Autorun/vendor/ubits/packages/tokens/dist/tokens.css
   📂 Serving: vendor/ubits/packages/tokens/dist/figma-tokens.css -> /Users/ub-col-pro-lf4/Desktop/Autorun/vendor/ubits/packages/tokens/dist/figma-tokens.css
   📂 Serving: vendor/ubits/packages/typography/fonts.css -> /Users/ub-col-pro-lf4/Desktop/Autorun/vendor/ubits/packages/typography/fonts.css
   📂 Serving: vendor/ubits/packages/typography/tokens-typography.css -> /Users/ub-col-pro-lf4/Desktop/Autorun/vendor/ubits/packages/typography/tokens-typography.css
   📂 Serving: vendor/ubits/packages/templates/assets/fontawesome/css/all.min.css -> /Users/ub-col-pro-lf4/Desktop/Autorun/vendor/ubits/packages/templates/assets/fontawesome/css/all.min.css
   📂 Serving: vendor/ubits/packages/templates/dist/components-bundle.css -> /Users/ub-col-pro-lf4/Desktop/Autorun/vendor/ubits/packages/templates/dist/components-bundle.css
   📂 Serving: packages/autorun-core/dist/runtime/runtime-bundle.js -> /Users/ub-col-pro-lf4/Desktop/Autorun/packages/autorun-core/dist/runtime/runtime-bundle.js
   📂 Serving: vendor/ubits/packages/templates/dist/components-bundle.js -> /Users/ub-col-pro-lf4/Desktop/Autorun/vendor/ubits/packages/templates/dist/components-bundle.js
   📂 Serving: vendor/ubits/packages/templates/components-bridge.js -> /Users/ub-col-pro-lf4/Desktop/Autorun/vendor/ubits/packages/templates/components-bridge.js
🌐 [Network] GET https://fonts.googleapis.com/css2?family=Noto+Sans:wght@400;600;700&display=swap
   📂 Serving: vendor/ubits/packages/templates/config/products.js -> /Users/ub-col-pro-lf4/Desktop/Autorun/vendor/ubits/packages/templates/config/products.js
   📂 Serving: vendor/ubits/packages/templates/config/theme-manager.js -> /Users/ub-col-pro-lf4/Desktop/Autorun/vendor/ubits/packages/templates/config/theme-manager.js
   📂 Serving: vendor/ubits/packages/templates/config/responsive-manager.js -> /Users/ub-col-pro-lf4/Desktop/Autorun/vendor/ubits/packages/templates/config/responsive-manager.js
   📂 Serving: vendor/ubits/packages/templates/engine/template-loader.js -> /Users/ub-col-pro-lf4/Desktop/Autorun/vendor/ubits/packages/templates/engine/template-loader.js
   📂 Serving: vendor/ubits/packages/templates/engine/content-manager.js -> /Users/ub-col-pro-lf4/Desktop/Autorun/vendor/ubits/packages/templates/engine/content-manager.js
   📂 Serving: assets/components-bundle.js -> /Users/ub-col-pro-lf4/Desktop/Autorun/prototypes/assets/components-bundle.js
PAGE LOG [log]: 🔵 [Wizard] Iniciando prevención de HeaderSection e inyección de SubNavs...
PAGE LOG [log]: 🔵 [Wizard] Iniciando prevención de HeaderSection e inyección de SubNavs...
PAGE LOG [log]: 🔵 [Wizard] Mapa de SubNavs inyectado: [empresa, aprendizaje, desempeño, encuestas]
PAGE LOG [log]: 🔵 [Wizard] Mapa de SubNavs inyectado: [empresa, aprendizaje, desempeño, encuestas]
PAGE LOG [log]: 🔵 [Wizard] Detalle del mapa: {
  "empresa": {
    "variant": "empresa",
    "tabs": [
      {
        "id": "gestion-usuarios",
        "label": "Gestión de usuarios",
        "icon": "users",
        "active": true
      },
      {
        "id": "organigrama",
        "label": "Organigrama",
        "icon": "sitemap"
      },
      {
        "id": "datos-empresa",
        "label": "Datos de empresa",
        "icon": "building"
      },
      {
        "id": "personalizacion",
        "label": "Personalización",
        "icon": "paint-brush"
      },
      {
        "id": "roles-permisos",
        "label": "Roles y permisos",
        "icon": "user-shield"
      },
      {
        "id": "comunicaciones",
        "label": "Comunicaciones",
        "icon": "envelope"
      }
    ],
    "activeTabId": "gestion-usuarios"
  },
  "aprendizaje": {
    "variant": "admin-aprendizaje",
    "tabs": [
      {
        "id": "lms-cursos",
        "label": "LMS - Cursos propios",
        "icon": "book",
        "active": true
      },
      {
        "id": "plan-formacion",
        "label": "Plan de formación",
        "icon": "clipboard-list-check"
      },
      {
        "id": "certificados",
        "label": "Certificados",
        "icon": "file-certificate"
      },
      {
        "id": "metricas-empresa",
        "label": "Métricas de empresa",
        "icon": "chart-line"
      }
    ],
    "activeTabId": "lms-cursos"
  },
  "desempeño": {
    "variant": "admin-desempeno",
    "tabs": [
      {
        "id": "evaluaciones-360",
        "label": "Evaluaciones 360",
        "icon": "chart-pie",
        "active": true
      },
      {
        "id": "objetivos",
        "label": "Objetivos",
        "icon": "bullseye"
      },
      {
        "id": "matriz-talento",
        "label": "Matriz de Talento",
        "icon": "sitemap"
      }
    ],
    "activeTabId": "evaluaciones-360"
  },
  "encuestas": {
    "variant": "template",
    "tabs": [
      {
        "id": "encuestas-general",
        "label": "Encuestas",
        "icon": "clipboard-list-check",
        "active": true
      }
    ],
    "activeTabId": "encuestas-general"
  }
}
PAGE LOG [log]: 🔵 [Wizard] Detalle del mapa: {
  "empresa": {
    "variant": "empresa",
    "tabs": [
      {
        "id": "gestion-usuarios",
        "label": "Gestión de usuarios",
        "icon": "users",
        "active": true
      },
      {
        "id": "organigrama",
        "label": "Organigrama",
        "icon": "sitemap"
      },
      {
        "id": "datos-empresa",
        "label": "Datos de empresa",
        "icon": "building"
      },
      {
        "id": "personalizacion",
        "label": "Personalización",
        "icon": "paint-brush"
      },
      {
        "id": "roles-permisos",
        "label": "Roles y permisos",
        "icon": "user-shield"
      },
      {
        "id": "comunicaciones",
        "label": "Comunicaciones",
        "icon": "envelope"
      }
    ],
    "activeTabId": "gestion-usuarios"
  },
  "aprendizaje": {
    "variant": "admin-aprendizaje",
    "tabs": [
      {
        "id": "lms-cursos",
        "label": "LMS - Cursos propios",
        "icon": "book",
        "active": true
      },
      {
        "id": "plan-formacion",
        "label": "Plan de formación",
        "icon": "clipboard-list-check"
      },
      {
        "id": "certificados",
        "label": "Certificados",
        "icon": "file-certificate"
      },
      {
        "id": "metricas-empresa",
        "label": "Métricas de empresa",
        "icon": "chart-line"
      }
    ],
    "activeTabId": "lms-cursos"
  },
  "desempeño": {
    "variant": "admin-desempeno",
    "tabs": [
      {
        "id": "evaluaciones-360",
        "label": "Evaluaciones 360",
        "icon": "chart-pie",
        "active": true
      },
      {
        "id": "objetivos",
        "label": "Objetivos",
        "icon": "bullseye"
      },
      {
        "id": "matriz-talento",
        "label": "Matriz de Talento",
        "icon": "sitemap"
      }
    ],
    "activeTabId": "evaluaciones-360"
  },
  "encuestas": {
    "variant": "template",
    "tabs": [
      {
        "id": "encuestas-general",
        "label": "Encuestas",
        "icon": "clipboard-list-check",
        "active": true
      }
    ],
    "activeTabId": "encuestas-general"
  }
}
PAGE LOG [log]: ✅ [Wizard] Interceptación de ContentManager configurada
PAGE LOG [log]: ✅ [Wizard] Interceptación de ContentManager configurada
PAGE LOG [log]: 🔗 [Wizard] Archivo objetivo configurado: canvas-colaborador-encuestas-2026-02-16.html
PAGE LOG [log]: 🔗 [Wizard] Archivo objetivo configurado: canvas-colaborador-encuestas-2026-02-16.html
PAGE LOG [log]: ✅ UBITS Alert component registered
PAGE LOG [log]: ✅ UBITS Alert component registered
PAGE LOG [log]: ✅ UBITS Button component registered
PAGE LOG [log]: ✅ UBITS Button component registered
PAGE LOG [log]: ✅ UBITS Input component registered
PAGE LOG [log]: ✅ UBITS Input component registered
PAGE LOG [log]: ✅ UBITS List component registered
PAGE LOG [log]: ✅ UBITS List component registered
PAGE LOG [log]: 🔌 Inicializando Components Bridge...
PAGE LOG [log]: 🔌 Inicializando Components Bridge...
PAGE LOG [log]: ✅ Theme Manager cargado
PAGE LOG [log]: ✅ Theme Manager cargado
PAGE LOG [log]: ✅ Responsive Manager cargado
PAGE LOG [log]: ✅ Responsive Manager cargado
PAGE LOG [log]: ✅ Template Loader cargado
PAGE LOG [log]: ✅ Template Loader cargado
PAGE LOG [log]: 🔵 [Wizard] ContentManager detectado, sobrescribiendo métodos...
PAGE LOG [log]: 🔵 [Wizard] ContentManager detectado, sobrescribiendo métodos...
PAGE LOG [log]: ✅ [Wizard] ContentManager sobrescrito correctamente
PAGE LOG [log]: ✅ [Wizard] ContentManager sobrescrito correctamente
PAGE LOG [log]: ✅ [Template Admin] ContentManager.updateContent interceptado INMEDIATAMENTE
PAGE LOG [log]: ✅ [Template Admin] ContentManager.updateContent interceptado INMEDIATAMENTE
PAGE LOG [log]: 🔍 [Wizard] ✅ detectCurrentProduct sobrescrito. Original: function
PAGE LOG [log]: 🔍 [Wizard] ✅ detectCurrentProduct sobrescrito. Original: function
PAGE LOG [log]: 🔍 [Wizard] ════════════════════════════════════════
PAGE LOG [log]: 🔍 [Wizard] ════════════════════════════════════════
PAGE LOG [log]: 🔍 [Wizard] UBITS_PRODUCTS detectado
PAGE LOG [log]: 🔍 [Wizard] UBITS_PRODUCTS detectado
PAGE LOG [log]: 🔍 [Wizard] templateKey: template-admin
PAGE LOG [log]: 🔍 [Wizard] templateKey: template-admin
PAGE LOG [log]: 🔍 [Wizard] Módulo objetivo: encuestas
PAGE LOG [log]: 🔍 [Wizard] Módulo objetivo: encuestas
PAGE LOG [log]: 🔍 [Wizard] Producto objetivo: undefined
PAGE LOG [log]: 🔍 [Wizard] Producto objetivo: undefined
PAGE LOG [log]: 🔍 [Wizard] ⚠️ detectCurrentProduct está siendo sobrescrito por products.js
PAGE LOG [log]: 🔍 [Wizard] ⚠️ detectCurrentProduct está siendo sobrescrito por products.js
PAGE LOG [log]: 🔍 [Wizard] ✅ detectCurrentProduct interceptado y corregido
PAGE LOG [log]: 🔍 [Wizard] ✅ detectCurrentProduct interceptado y corregido
PAGE LOG [log]: 🔍 [Wizard] ✅ detectCurrentProduct sobrescrito. Original: function
PAGE LOG [log]: 🔍 [Wizard] ✅ detectCurrentProduct sobrescrito. Original: function
PAGE LOG [log]: 🔍 [Wizard] ✅ detectCurrentProduct vuelto a sobrescribir después de que products.js se cargó
PAGE LOG [log]: 🔍 [Wizard] ✅ detectCurrentProduct vuelto a sobrescribir después de que products.js se cargó
PAGE LOG [log]: 🔍 [Wizard] ProductConfig encontrado: Template Administrador
PAGE LOG [log]: 🔍 [Wizard] ProductConfig encontrado: Template Administrador
PAGE LOG [log]: 🔍 [Wizard] initialActiveSection ANTES: inicio
PAGE LOG [log]: 🔍 [Wizard] initialActiveSection ANTES: inicio
PAGE LOG [log]: 🔍 [Wizard] ✅ initialActiveSection sobrescrito a: encuestas
PAGE LOG [log]: 🔍 [Wizard] ✅ initialActiveSection sobrescrito a: encuestas
PAGE LOG [log]: 🔍 [Wizard] initialActiveSection DESPUÉS: encuestas
PAGE LOG [log]: 🔍 [Wizard] initialActiveSection DESPUÉS: encuestas
PAGE LOG [log]: ✅ UBITS Alert component registered
PAGE LOG [log]: ✅ UBITS Alert component registered
PAGE LOG [log]: ✅ UBITS Input component registered
PAGE LOG [log]: ✅ UBITS Input component registered
🌐 [Network] GET https://fonts.gstatic.com/s/notosans/v42/o-0bIpQlx3QUlC5A4PNB6Ryti20_6n1iPHjc5a7du3mhPy0.woff2
🌐 [Network] GET http://localhost:3000/packages/autorun-core/dist/runtime/runtime-bundle.js
PAGE LOG [log]: 🔍 [Wizard] detectCurrentProduct() llamado (interceptado), retornando: template-admin
PAGE LOG [log]: 🔍 [Wizard] detectCurrentProduct() llamado (interceptado), retornando: template-admin
   📂 Serving: packages/autorun-core/dist/runtime/runtime-bundle.js -> /Users/ub-col-pro-lf4/Desktop/Autorun/packages/autorun-core/dist/runtime/runtime-bundle.js
PAGE LOG [log]: 🔗 [Wizard] Actualizando enlaces entre templates...
PAGE LOG [log]: 🔗 [Wizard] Actualizando enlaces entre templates...
PAGE LOG [log]: 🔗 [Wizard] Archivo objetivo: canvas-colaborador-encuestas-2026-02-16.html
PAGE LOG [log]: 🔗 [Wizard] Archivo objetivo: canvas-colaborador-encuestas-2026-02-16.html
PAGE LOG [log]: 🔗 [Wizard] Botones del sidebar encontrados: 0
PAGE LOG [log]: 🔗 [Wizard] Botones del sidebar encontrados: 0
PAGE LOG [log]: 🔗 [Wizard] Items del menú de perfil encontrados: 0
PAGE LOG [log]: 🔗 [Wizard] Items del menú de perfil encontrados: 0
PAGE LOG [log]: 🔗 [Wizard] ✅ Enlaces actualizados
PAGE LOG [log]: 🔗 [Wizard] ✅ Enlaces actualizados
PAGE LOG [log]: 🌓 Tema cambiado a: light
PAGE LOG [log]: 🌓 Tema cambiado a: light
PAGE LOG [log]: ✅ Theme Manager inicializado
PAGE LOG [log]: ✅ Theme Manager inicializado
PAGE LOG [log]: ✅ Template Loader inicializado
PAGE LOG [log]: ✅ Template Loader inicializado
PAGE LOG [log]: ✅ [Template Admin] MutationObserver configurado para eliminar HeaderSection
PAGE LOG [log]: ✅ [Template Admin] MutationObserver configurado para eliminar HeaderSection
PAGE LOG [log]: 🔍 [Wizard] ════════════════════════════════════════
PAGE LOG [log]: 🔍 [Wizard] ════════════════════════════════════════
PAGE LOG [log]: 🔍 [Wizard] DOMContentLoaded - Iniciando activación de módulo/producto
PAGE LOG [log]: 🔍 [Wizard] DOMContentLoaded - Iniciando activación de módulo/producto
PAGE LOG [log]: 🔍 [Wizard] Módulo objetivo: encuestas
PAGE LOG [log]: 🔍 [Wizard] Módulo objetivo: encuestas
PAGE LOG [log]: 🔍 [Wizard] Producto objetivo: undefined
PAGE LOG [log]: 🔍 [Wizard] Producto objetivo: undefined
PAGE LOG [log]: 🔍 [Wizard] ⏳ Esperando 2500ms para que el template termine su inicialización...
PAGE LOG [log]: 🔍 [Wizard] ⏳ Esperando 2500ms para que el template termine su inicialización...
PAGE LOG [log]: 🚀 Autorun V2 Runtime initializing...
PAGE LOG [log]: 🚀 Autorun V2 Runtime initializing...
PAGE LOG [log]: [Autorun] 🚀 Starting Autorun V2 boot sequence...
PAGE LOG [log]: [Autorun] 🚀 Starting Autorun V2 boot sequence...
PAGE LOG [log]: [Autorun] Waiting for UBITS...
PAGE LOG [log]: [Autorun] Waiting for UBITS...
PAGE LOG [log]: [waitForDependencies] Waiting for 1 dependencies...
PAGE LOG [log]: [waitForDependencies] Waiting for 1 dependencies...
PAGE LOG [log]: [waitForDependencies] Dependencies: window.UBITS
PAGE LOG [log]: [waitForDependencies] Dependencies: window.UBITS
PAGE LOG [log]: [waitForDependencies] Timeout: 10000ms, Interval: 100ms
PAGE LOG [log]: [waitForDependencies] Timeout: 10000ms, Interval: 100ms
PAGE LOG [log]: [waitForDependencies] ✅ window.UBITS available
PAGE LOG [log]: [waitForDependencies] ✅ window.UBITS available
PAGE LOG [log]: [waitForDependencies] ✅ All dependencies ready (0ms)
PAGE LOG [log]: [waitForDependencies] ✅ All dependencies ready (0ms)
PAGE LOG [log]: [Autorun] ✅ UBITS ready
PAGE LOG [log]: [Autorun] ✅ UBITS ready
PAGE LOG [log]: [Autorun] Loading component catalog...
PAGE LOG [log]: [Autorun] Loading component catalog...
PAGE LOG [log]: [Autorun] Registry base URL: /registry-providers
PAGE LOG [log]: [Autorun] Registry base URL: /registry-providers
PAGE LOG [log]: [Catalog] 🔍 Scanning registry: /registry-providers...
PAGE LOG [log]: [Catalog] 🔍 Scanning registry: /registry-providers...
PAGE LOG [log]: [Catalog] Fetching: /registry-providers/ubits/components/accordion/manifest.json
PAGE LOG [log]: [Catalog] Fetching: /registry-providers/ubits/components/accordion/manifest.json
PAGE LOG [log]: 🚀 Autorun V2 Runtime initializing...
PAGE LOG [log]: 🚀 Autorun V2 Runtime initializing...
🌐 [Network] GET http://localhost:3000/registry-providers/ubits/components/accordion/manifest.json
PAGE LOG [log]: [Autorun] 🚀 Starting Autorun V2 boot sequence...
PAGE LOG [log]: [Autorun] 🚀 Starting Autorun V2 boot sequence...
PAGE LOG [log]: [Autorun] Waiting for UBITS...
PAGE LOG [log]: [Autorun] Waiting for UBITS...
PAGE LOG [log]: [waitForDependencies] Waiting for 1 dependencies...
PAGE LOG [log]: [waitForDependencies] Waiting for 1 dependencies...
PAGE LOG [log]: [waitForDependencies] Dependencies: window.UBITS
PAGE LOG [log]: [waitForDependencies] Dependencies: window.UBITS
PAGE LOG [log]: [waitForDependencies] Timeout: 10000ms, Interval: 100ms
PAGE LOG [log]: [waitForDependencies] Timeout: 10000ms, Interval: 100ms
PAGE LOG [log]: [waitForDependencies] ✅ window.UBITS available
PAGE LOG [log]: [waitForDependencies] ✅ window.UBITS available
PAGE LOG [log]: [waitForDependencies] ✅ All dependencies ready (0ms)
PAGE LOG [log]: [waitForDependencies] ✅ All dependencies ready (0ms)
PAGE LOG [log]: [Autorun] ✅ UBITS ready
PAGE LOG [log]: [Autorun] ✅ UBITS ready
PAGE LOG [log]: [Autorun] Loading component catalog...
PAGE LOG [log]: [Autorun] Loading component catalog...
PAGE LOG [log]: [Autorun] Registry base URL: /registry-providers
PAGE LOG [log]: [Autorun] Registry base URL: /registry-providers
PAGE LOG [log]: [Catalog] 🔍 Scanning registry: /registry-providers...
PAGE LOG [log]: [Catalog] 🔍 Scanning registry: /registry-providers...
PAGE LOG [log]: [Catalog] Fetching: /registry-providers/ubits/components/accordion/manifest.json
PAGE LOG [log]: [Catalog] Fetching: /registry-providers/ubits/components/accordion/manifest.json
🌐 [Network] GET http://localhost:3000/registry-providers/ubits/components/accordion/manifest.json
PAGE LOG [log]: 🔍 [Wizard] detectCurrentProduct() llamado (interceptado), retornando: template-admin
PAGE LOG [log]: 🔍 [Wizard] detectCurrentProduct() llamado (interceptado), retornando: template-admin
PAGE LOG [log]: 🔍 [Wizard] getProductConfig() llamado con productId: template-admin templateKey esperado: template-admin
PAGE LOG [log]: 🔍 [Wizard] getProductConfig() llamado con productId: template-admin templateKey esperado: template-admin
PAGE LOG [log]: 🔍 [Wizard] ✅ getProductConfig() usando templateKey correcto: template-admin
PAGE LOG [log]: 🔍 [Wizard] ✅ getProductConfig() usando templateKey correcto: template-admin
PAGE LOG [log]: 🚀 Cargando producto: Template Administrador
PAGE LOG [log]: 🚀 Cargando producto: Template Administrador
PAGE LOG [log]: [TemplateLoader] ProductConfig: {
  "name": "Template Administrador",
  "description": "Template para administradores",
  "sidebar": {
    "variant": "admin",
    "initialActiveSection": "encuestas",
    "bodyButtons": [
      {
        "section": "inicio",
        "icon": "fa-house",
        "tooltip": "Inicio"
      },
      {
        "section": "empresa",
        "icon": "fa-building",
        "tooltip": "Empresa"
      },
      {
        "section": "aprendizaje",
        "icon": "fa-graduation-cap",
        "tooltip": "Aprendizaje"
      },
      {
        "section": "diagnóstico",
        "icon": "fa-chart-mixed",
        "tooltip": "Diagnóstico"
      },
      {
        "section": "desempeño",
        "icon": "fa-bars-progress",
        "tooltip": "Desempeño"
      },
      {
        "section": "encuestas",
        "icon": "fa-clipboard",
        "tooltip": "Encuestas"
      }
    ],
    "footerButtons": [
      {
        "id": "api",
        "icon": "code",
        "label": "API",
        "tooltip": "API",
        "section": "api"
      },
      {
        "id": "centro-ayuda",
        "icon": "question-circle",
        "label": "Centro de ayuda",
        "tooltip": "Centro de ayuda",
        "section": "centro-ayuda"
      }
    ],
    "profileMenuItems": [
      {
        "id": "perfil",
        "icon": "fa-user",
        "label": "Ver mi perfil"
      },
      {
        "divider": true
      },
      {
        "id": "modo-colaborador",
        "icon": "fa-user-gear",
        "label": "Modo colaborador",
        "href": "template-colaborador.html"
      },
      {
        "divider": true
      },
      {
        "id": "password",
        "icon": "fa-key",
        "label": "Cambio de contraseña"
      },
      {
        "id": "logout",
        "icon": "fa-sign-out",
        "label": "Cerrar sesión"
      }
    ],
    "avatarImage": "../vendor/ubits/packages/templates/assets/images/Profile-image.jpg",
    "logoImage": "../vendor/ubits/packages/templates/assets/images/Ubits-logo.svg",
    "logoHref": "template-admin.html",
    "darkModeEnabled": true
  },
  "subnav": {
    "variant": "template",
    "tabs": [
      {
        "id": "section1",
        "label": "Sección 1",
        "icon": "home",
        "active": true
      },
      {
        "id": "section2",
        "label": "Sección 2",
        "icon": "chart-line"
      },
      {
        "id": "section3",
        "label": "Sección 3",
        "icon": "settings"
      }
    ],
    "activeTabId": "section1"
  },
  "tabbar": {
    "items": [
      {
        "id": "modulos",
        "label": "Módulos",
        "icon": "grid-2"
      },
      {
        "id": "perfil",
        "label": "Mi perfil",
        "avatar": "../vendor/ubits/packages/templates/assets/images/Profile-image.jpg",
        "avatarAlt": "Mi perfil"
      },
      {
        "id": "modo-oscuro",
        "label": "Modo oscuro",
        "icon": "moon"
      }
    ],
    "activeTabId": "modulos",
    "darkModeEnabled": true,
    "floatingMenuSections": [
      {
        "id": "inicio",
        "title": "Inicio",
        "icon": "house",
        "url": null,
        "isLink": false
      },
      {
        "id": "empresa",
        "title": "Empresa",
        "icon": "building",
        "subitems": [
          {
            "id": "gestion-usuarios",
            "title": "Gestión de usuarios",
            "icon": "users"
          },
          {
            "id": "organigrama",
            "title": "Organigrama",
            "icon": "sitemap"
          },
          {
            "id": "datos-empresa",
            "title": "Datos de empresa",
            "icon": "building"
          },
          {
            "id": "personalizacion",
            "title": "Personalización",
            "icon": "paint-brush"
          },
          {
            "id": "roles-permisos",
            "title": "Roles y permisos",
            "icon": "user-shield"
          },
          {
            "id": "comunicaciones",
            "title": "Comunicaciones",
            "icon": "envelope"
          }
        ]
      },
      {
        "id": "aprendizaje",
        "title": "Aprendizaje",
        "icon": "graduation-cap",
        "subitems": [
          {
            "id": "lms-cursos",
            "title": "LMS - Cursos propios",
            "icon": "book"
          },
          {
            "id": "plan-formacion",
            "title": "Plan de formación",
            "icon": "clipboard-list-check"
          },
          {
            "id": "certificados",
            "title": "Certificados",
            "icon": "file-certificate"
          },
          {
            "id": "metricas-empresa",
            "title": "Métricas de empresa",
            "icon": "chart-line"
          }
        ]
      },
      {
        "id": "diagnóstico",
        "title": "Diagnóstico",
        "icon": "chart-mixed",
        "url": null,
        "isLink": false
      },
      {
        "id": "desempeño",
        "title": "Desempeño",
        "icon": "bars-progress",
        "subitems": [
          {
            "id": "evaluations",
            "title": "Evaluaciones 360",
            "icon": "chart-pie"
          },
          {
            "id": "objectives",
            "title": "Objetivos",
            "icon": "bullseye"
          },
          {
            "id": "matriz-talento",
            "title": "Matriz de Talento",
            "icon": "sitemap"
          }
        ]
      },
      {
        "id": "encuestas",
        "title": "Encuestas",
        "icon": "clipboard-list-check",
        "url": null,
        "isLink": false
      }
    ],
    "profileMenuItems": [
      {
        "id": "ver-perfil",
        "label": "Ver mi perfil",
        "icon": "user"
      },
      {
        "id": "modo-colaborador",
        "label": "Modo colaborador",
        "icon": "user-gear",
        "url": "template-colaborador.html"
      },
      {
        "id": "cambio-contraseña",
        "label": "Cambio de contraseña",
        "icon": "key"
      },
      {
        "id": "cerrar-sesion",
        "label": "Cerrar sesión",
        "icon": "sign-out-alt"
      }
    ]
  },
  "theme": {
    "default": "light",
    "persist": true
  }
}
PAGE LOG [log]: [TemplateLoader] ProductConfig: {
  "name": "Template Administrador",
  "description": "Template para administradores",
  "sidebar": {
    "variant": "admin",
    "initialActiveSection": "encuestas",
    "bodyButtons": [
      {
        "section": "inicio",
        "icon": "fa-house",
        "tooltip": "Inicio"
      },
      {
        "section": "empresa",
        "icon": "fa-building",
        "tooltip": "Empresa"
      },
      {
        "section": "aprendizaje",
        "icon": "fa-graduation-cap",
        "tooltip": "Aprendizaje"
      },
      {
        "section": "diagnóstico",
        "icon": "fa-chart-mixed",
        "tooltip": "Diagnóstico"
      },
      {
        "section": "desempeño",
        "icon": "fa-bars-progress",
        "tooltip": "Desempeño"
      },
      {
        "section": "encuestas",
        "icon": "fa-clipboard",
        "tooltip": "Encuestas"
      }
    ],
    "footerButtons": [
      {
        "id": "api",
        "icon": "code",
        "label": "API",
        "tooltip": "API",
        "section": "api"
      },
      {
        "id": "centro-ayuda",
        "icon": "question-circle",
        "label": "Centro de ayuda",
        "tooltip": "Centro de ayuda",
        "section": "centro-ayuda"
      }
    ],
    "profileMenuItems": [
      {
        "id": "perfil",
        "icon": "fa-user",
        "label": "Ver mi perfil"
      },
      {
        "divider": true
      },
      {
        "id": "modo-colaborador",
        "icon": "fa-user-gear",
        "label": "Modo colaborador",
        "href": "template-colaborador.html"
      },
      {
        "divider": true
      },
      {
        "id": "password",
        "icon": "fa-key",
        "label": "Cambio de contraseña"
      },
      {
        "id": "logout",
        "icon": "fa-sign-out",
        "label": "Cerrar sesión"
      }
    ],
    "avatarImage": "../vendor/ubits/packages/templates/assets/images/Profile-image.jpg",
    "logoImage": "../vendor/ubits/packages/templates/assets/images/Ubits-logo.svg",
    "logoHref": "template-admin.html",
    "darkModeEnabled": true
  },
  "subnav": {
    "variant": "template",
    "tabs": [
      {
        "id": "section1",
        "label": "Sección 1",
        "icon": "home",
        "active": true
      },
      {
        "id": "section2",
        "label": "Sección 2",
        "icon": "chart-line"
      },
      {
        "id": "section3",
        "label": "Sección 3",
        "icon": "settings"
      }
    ],
    "activeTabId": "section1"
  },
  "tabbar": {
    "items": [
      {
        "id": "modulos",
        "label": "Módulos",
        "icon": "grid-2"
      },
      {
        "id": "perfil",
        "label": "Mi perfil",
        "avatar": "../vendor/ubits/packages/templates/assets/images/Profile-image.jpg",
        "avatarAlt": "Mi perfil"
      },
      {
        "id": "modo-oscuro",
        "label": "Modo oscuro",
        "icon": "moon"
      }
    ],
    "activeTabId": "modulos",
    "darkModeEnabled": true,
    "floatingMenuSections": [
      {
        "id": "inicio",
        "title": "Inicio",
        "icon": "house",
        "url": null,
        "isLink": false
      },
      {
        "id": "empresa",
        "title": "Empresa",
        "icon": "building",
        "subitems": [
          {
            "id": "gestion-usuarios",
            "title": "Gestión de usuarios",
            "icon": "users"
          },
          {
            "id": "organigrama",
            "title": "Organigrama",
            "icon": "sitemap"
          },
          {
            "id": "datos-empresa",
            "title": "Datos de empresa",
            "icon": "building"
          },
          {
            "id": "personalizacion",
            "title": "Personalización",
            "icon": "paint-brush"
          },
          {
            "id": "roles-permisos",
            "title": "Roles y permisos",
            "icon": "user-shield"
          },
          {
            "id": "comunicaciones",
            "title": "Comunicaciones",
            "icon": "envelope"
          }
        ]
      },
      {
        "id": "aprendizaje",
        "title": "Aprendizaje",
        "icon": "graduation-cap",
        "subitems": [
          {
            "id": "lms-cursos",
            "title": "LMS - Cursos propios",
            "icon": "book"
          },
          {
            "id": "plan-formacion",
            "title": "Plan de formación",
            "icon": "clipboard-list-check"
          },
          {
            "id": "certificados",
            "title": "Certificados",
            "icon": "file-certificate"
          },
          {
            "id": "metricas-empresa",
            "title": "Métricas de empresa",
            "icon": "chart-line"
          }
        ]
      },
      {
        "id": "diagnóstico",
        "title": "Diagnóstico",
        "icon": "chart-mixed",
        "url": null,
        "isLink": false
      },
      {
        "id": "desempeño",
        "title": "Desempeño",
        "icon": "bars-progress",
        "subitems": [
          {
            "id": "evaluations",
            "title": "Evaluaciones 360",
            "icon": "chart-pie"
          },
          {
            "id": "objectives",
            "title": "Objetivos",
            "icon": "bullseye"
          },
          {
            "id": "matriz-talento",
            "title": "Matriz de Talento",
            "icon": "sitemap"
          }
        ]
      },
      {
        "id": "encuestas",
        "title": "Encuestas",
        "icon": "clipboard-list-check",
        "url": null,
        "isLink": false
      }
    ],
    "profileMenuItems": [
      {
        "id": "ver-perfil",
        "label": "Ver mi perfil",
        "icon": "user"
      },
      {
        "id": "modo-colaborador",
        "label": "Modo colaborador",
        "icon": "user-gear",
        "url": "template-colaborador.html"
      },
      {
        "id": "cambio-contraseña",
        "label": "Cambio de contraseña",
        "icon": "key"
      },
      {
        "id": "cerrar-sesion",
        "label": "Cerrar sesión",
        "icon": "sign-out-alt"
      }
    ]
  },
  "theme": {
    "default": "light",
    "persist": true
  }
}
PAGE LOG [log]: [TemplateLoader] ContainerIds: {sidebar: sidebar-container, subnav: top-nav-container, tabbar: tab-bar-container}
PAGE LOG [log]: [TemplateLoader] ContainerIds: {sidebar: sidebar-container, subnav: top-nav-container, tabbar: tab-bar-container}
PAGE LOG [log]: [TemplateLoader] 📦 Intentando cargar sidebar...
PAGE LOG [log]: [TemplateLoader] 📦 Intentando cargar sidebar...
PAGE LOG [log]: [TemplateLoader] Sidebar config: {
  "variant": "admin",
  "initialActiveSection": "encuestas",
  "bodyButtons": [
    {
      "section": "inicio",
      "icon": "fa-house",
      "tooltip": "Inicio"
    },
    {
      "section": "empresa",
      "icon": "fa-building",
      "tooltip": "Empresa"
    },
    {
      "section": "aprendizaje",
      "icon": "fa-graduation-cap",
      "tooltip": "Aprendizaje"
    },
    {
      "section": "diagnóstico",
      "icon": "fa-chart-mixed",
      "tooltip": "Diagnóstico"
    },
    {
      "section": "desempeño",
      "icon": "fa-bars-progress",
      "tooltip": "Desempeño"
    },
    {
      "section": "encuestas",
      "icon": "fa-clipboard",
      "tooltip": "Encuestas"
    }
  ],
  "footerButtons": [
    {
      "id": "api",
      "icon": "code",
      "label": "API",
      "tooltip": "API",
      "section": "api"
    },
    {
      "id": "centro-ayuda",
      "icon": "question-circle",
      "label": "Centro de ayuda",
      "tooltip": "Centro de ayuda",
      "section": "centro-ayuda"
    }
  ],
  "profileMenuItems": [
    {
      "id": "perfil",
      "icon": "fa-user",
      "label": "Ver mi perfil"
    },
    {
      "divider": true
    },
    {
      "id": "modo-colaborador",
      "icon": "fa-user-gear",
      "label": "Modo colaborador",
      "href": "template-colaborador.html"
    },
    {
      "divider": true
    },
    {
      "id": "password",
      "icon": "fa-key",
      "label": "Cambio de contraseña"
    },
    {
      "id": "logout",
      "icon": "fa-sign-out",
      "label": "Cerrar sesión"
    }
  ],
  "avatarImage": "../vendor/ubits/packages/templates/assets/images/Profile-image.jpg",
  "logoImage": "../vendor/ubits/packages/templates/assets/images/Ubits-logo.svg",
  "logoHref": "template-admin.html",
  "darkModeEnabled": true
}
PAGE LOG [log]: [TemplateLoader] Sidebar config: {
  "variant": "admin",
  "initialActiveSection": "encuestas",
  "bodyButtons": [
    {
      "section": "inicio",
      "icon": "fa-house",
      "tooltip": "Inicio"
    },
    {
      "section": "empresa",
      "icon": "fa-building",
      "tooltip": "Empresa"
    },
    {
      "section": "aprendizaje",
      "icon": "fa-graduation-cap",
      "tooltip": "Aprendizaje"
    },
    {
      "section": "diagnóstico",
      "icon": "fa-chart-mixed",
      "tooltip": "Diagnóstico"
    },
    {
      "section": "desempeño",
      "icon": "fa-bars-progress",
      "tooltip": "Desempeño"
    },
    {
      "section": "encuestas",
      "icon": "fa-clipboard",
      "tooltip": "Encuestas"
    }
  ],
  "footerButtons": [
    {
      "id": "api",
      "icon": "code",
      "label": "API",
      "tooltip": "API",
      "section": "api"
    },
    {
      "id": "centro-ayuda",
      "icon": "question-circle",
      "label": "Centro de ayuda",
      "tooltip": "Centro de ayuda",
      "section": "centro-ayuda"
    }
  ],
  "profileMenuItems": [
    {
      "id": "perfil",
      "icon": "fa-user",
      "label": "Ver mi perfil"
    },
    {
      "divider": true
    },
    {
      "id": "modo-colaborador",
      "icon": "fa-user-gear",
      "label": "Modo colaborador",
      "href": "template-colaborador.html"
    },
    {
      "divider": true
    },
    {
      "id": "password",
      "icon": "fa-key",
      "label": "Cambio de contraseña"
    },
    {
      "id": "logout",
      "icon": "fa-sign-out",
      "label": "Cerrar sesión"
    }
  ],
  "avatarImage": "../vendor/ubits/packages/templates/assets/images/Profile-image.jpg",
  "logoImage": "../vendor/ubits/packages/templates/assets/images/Ubits-logo.svg",
  "logoHref": "template-admin.html",
  "darkModeEnabled": true
}
PAGE LOG [log]: 📦 Cargando componente: sidebar en contenedor: sidebar-container
PAGE LOG [log]: 📦 Cargando componente: sidebar en contenedor: sidebar-container
PAGE LOG [log]: [loadComponent] Verificando contenedor "sidebar-container"...
PAGE LOG [log]: [loadComponent] Verificando contenedor "sidebar-container"...
PAGE LOG [log]: [loadComponent] ✅ Contenedor "sidebar-container" encontrado
PAGE LOG [log]: [loadComponent] ✅ Contenedor "sidebar-container" encontrado
PAGE LOG [log]: [loadComponent] Verificando window.createSidebar...
PAGE LOG [log]: [loadComponent] Verificando window.createSidebar...
PAGE LOG [log]: [loadComponent] typeof createSidebar: undefined
PAGE LOG [log]: [loadComponent] typeof createSidebar: undefined
PAGE LOG [error]: [loadComponent] ❌ window.createSidebar NO es una función: undefined
PAGE LOG [log]: [TemplateLoader] ✅ Sidebar resultado: undefined
PAGE LOG [log]: [TemplateLoader] ✅ Sidebar resultado: undefined
PAGE LOG [log]: 📌 [TemplateLoader] SubNav container preparado, esperando ContentManager
PAGE LOG [log]: 📌 [TemplateLoader] SubNav container preparado, esperando ContentManager
PAGE LOG [log]: [TemplateLoader] 📦 Intentando cargar tabbar...
PAGE LOG [log]: [TemplateLoader] 📦 Intentando cargar tabbar...
PAGE LOG [log]: [TemplateLoader] Tabbar config: {
  "items": [
    {
      "id": "modulos",
      "label": "Módulos",
      "icon": "grid-2"
    },
    {
      "id": "perfil",
      "label": "Mi perfil",
      "avatar": "../vendor/ubits/packages/templates/assets/images/Profile-image.jpg",
      "avatarAlt": "Mi perfil"
    },
    {
      "id": "modo-oscuro",
      "label": "Modo oscuro",
      "icon": "moon"
    }
  ],
  "activeTabId": "modulos",
  "darkModeEnabled": true,
  "floatingMenuSections": [
    {
      "id": "inicio",
      "title": "Inicio",
      "icon": "house",
      "url": null,
      "isLink": false
    },
    {
      "id": "empresa",
      "title": "Empresa",
      "icon": "building",
      "subitems": [
        {
          "id": "gestion-usuarios",
          "title": "Gestión de usuarios",
          "icon": "users"
        },
        {
          "id": "organigrama",
          "title": "Organigrama",
          "icon": "sitemap"
        },
        {
          "id": "datos-empresa",
          "title": "Datos de empresa",
          "icon": "building"
        },
        {
          "id": "personalizacion",
          "title": "Personalización",
          "icon": "paint-brush"
        },
        {
          "id": "roles-permisos",
          "title": "Roles y permisos",
          "icon": "user-shield"
        },
        {
          "id": "comunicaciones",
          "title": "Comunicaciones",
          "icon": "envelope"
        }
      ]
    },
    {
      "id": "aprendizaje",
      "title": "Aprendizaje",
      "icon": "graduation-cap",
      "subitems": [
        {
          "id": "lms-cursos",
          "title": "LMS - Cursos propios",
          "icon": "book"
        },
        {
          "id": "plan-formacion",
          "title": "Plan de formación",
          "icon": "clipboard-list-check"
        },
        {
          "id": "certificados",
          "title": "Certificados",
          "icon": "file-certificate"
        },
        {
          "id": "metricas-empresa",
          "title": "Métricas de empresa",
          "icon": "chart-line"
        }
      ]
    },
    {
      "id": "diagnóstico",
      "title": "Diagnóstico",
      "icon": "chart-mixed",
      "url": null,
      "isLink": false
    },
    {
      "id": "desempeño",
      "title": "Desempeño",
      "icon": "bars-progress",
      "subitems": [
        {
          "id": "evaluations",
          "title": "Evaluaciones 360",
          "icon": "chart-pie"
        },
        {
          "id": "objectives",
          "title": "Objetivos",
          "icon": "bullseye"
        },
        {
          "id": "matriz-talento",
          "title": "Matriz de Talento",
          "icon": "sitemap"
        }
      ]
    },
    {
      "id": "encuestas",
      "title": "Encuestas",
      "icon": "clipboard-list-check",
      "url": null,
      "isLink": false
    }
  ],
  "profileMenuItems": [
    {
      "id": "ver-perfil",
      "label": "Ver mi perfil",
      "icon": "user"
    },
    {
      "id": "modo-colaborador",
      "label": "Modo colaborador",
      "icon": "user-gear",
      "url": "template-colaborador.html"
    },
    {
      "id": "cambio-contraseña",
      "label": "Cambio de contraseña",
      "icon": "key"
    },
    {
      "id": "cerrar-sesion",
      "label": "Cerrar sesión",
      "icon": "sign-out-alt"
    }
  ]
}
PAGE LOG [log]: [TemplateLoader] Tabbar config: {
  "items": [
    {
      "id": "modulos",
      "label": "Módulos",
      "icon": "grid-2"
    },
    {
      "id": "perfil",
      "label": "Mi perfil",
      "avatar": "../vendor/ubits/packages/templates/assets/images/Profile-image.jpg",
      "avatarAlt": "Mi perfil"
    },
    {
      "id": "modo-oscuro",
      "label": "Modo oscuro",
      "icon": "moon"
    }
  ],
  "activeTabId": "modulos",
  "darkModeEnabled": true,
  "floatingMenuSections": [
    {
      "id": "inicio",
      "title": "Inicio",
      "icon": "house",
      "url": null,
      "isLink": false
    },
    {
      "id": "empresa",
      "title": "Empresa",
      "icon": "building",
      "subitems": [
        {
          "id": "gestion-usuarios",
          "title": "Gestión de usuarios",
          "icon": "users"
        },
        {
          "id": "organigrama",
          "title": "Organigrama",
          "icon": "sitemap"
        },
        {
          "id": "datos-empresa",
          "title": "Datos de empresa",
          "icon": "building"
        },
        {
          "id": "personalizacion",
          "title": "Personalización",
          "icon": "paint-brush"
        },
        {
          "id": "roles-permisos",
          "title": "Roles y permisos",
          "icon": "user-shield"
        },
        {
          "id": "comunicaciones",
          "title": "Comunicaciones",
          "icon": "envelope"
        }
      ]
    },
    {
      "id": "aprendizaje",
      "title": "Aprendizaje",
      "icon": "graduation-cap",
      "subitems": [
        {
          "id": "lms-cursos",
          "title": "LMS - Cursos propios",
          "icon": "book"
        },
        {
          "id": "plan-formacion",
          "title": "Plan de formación",
          "icon": "clipboard-list-check"
        },
        {
          "id": "certificados",
          "title": "Certificados",
          "icon": "file-certificate"
        },
        {
          "id": "metricas-empresa",
          "title": "Métricas de empresa",
          "icon": "chart-line"
        }
      ]
    },
    {
      "id": "diagnóstico",
      "title": "Diagnóstico",
      "icon": "chart-mixed",
      "url": null,
      "isLink": false
    },
    {
      "id": "desempeño",
      "title": "Desempeño",
      "icon": "bars-progress",
      "subitems": [
        {
          "id": "evaluations",
          "title": "Evaluaciones 360",
          "icon": "chart-pie"
        },
        {
          "id": "objectives",
          "title": "Objetivos",
          "icon": "bullseye"
        },
        {
          "id": "matriz-talento",
          "title": "Matriz de Talento",
          "icon": "sitemap"
        }
      ]
    },
    {
      "id": "encuestas",
      "title": "Encuestas",
      "icon": "clipboard-list-check",
      "url": null,
      "isLink": false
    }
  ],
  "profileMenuItems": [
    {
      "id": "ver-perfil",
      "label": "Ver mi perfil",
      "icon": "user"
    },
    {
      "id": "modo-colaborador",
      "label": "Modo colaborador",
      "icon": "user-gear",
      "url": "template-colaborador.html"
    },
    {
      "id": "cambio-contraseña",
      "label": "Cambio de contraseña",
      "icon": "key"
    },
    {
      "id": "cerrar-sesion",
      "label": "Cerrar sesión",
      "icon": "sign-out-alt"
    }
  ]
}
PAGE LOG [log]: 📦 Cargando componente: tabbar en contenedor: tab-bar-container
PAGE LOG [log]: 📦 Cargando componente: tabbar en contenedor: tab-bar-container
PAGE LOG [log]: [loadComponent] Verificando contenedor "tab-bar-container"...
PAGE LOG [log]: [loadComponent] Verificando contenedor "tab-bar-container"...
PAGE LOG [log]: [loadComponent] ✅ Contenedor "tab-bar-container" encontrado
PAGE LOG [log]: [loadComponent] ✅ Contenedor "tab-bar-container" encontrado
PAGE LOG [log]: [loadComponent] Verificando window.createTabBar...
PAGE LOG [log]: [loadComponent] Verificando window.createTabBar...
PAGE LOG [log]: [loadComponent] typeof createTabBar: undefined
PAGE LOG [log]: [loadComponent] typeof createTabBar: undefined
PAGE LOG [error]: [loadComponent] ❌ window.createTabBar NO es una función: undefined
PAGE LOG [log]: [TemplateLoader] ✅ Tabbar resultado: undefined
PAGE LOG [log]: [TemplateLoader] ✅ Tabbar resultado: undefined
PAGE LOG [log]: ✅ Producto cargado: {sidebar: undefined, tabbar: undefined}
PAGE LOG [log]: ✅ Producto cargado: {sidebar: undefined, tabbar: undefined}
   ✅ [MockRegistry] Servido manifest para: accordion
   ✅ [MockRegistry] Servido manifest para: accordion
PAGE LOG [log]: [Catalog] ✅ Loaded manifest: ubits/accordion
PAGE LOG [log]: [Catalog] ✅ Loaded manifest: ubits/accordion
PAGE LOG [log]: [Catalog] Fetching: /registry-providers/ubits/components/alert/manifest.json
PAGE LOG [log]: [Catalog] Fetching: /registry-providers/ubits/components/alert/manifest.json
PAGE LOG [log]: [Catalog] ✅ Loaded manifest: ubits/accordion
PAGE LOG [log]: [Catalog] ✅ Loaded manifest: ubits/accordion
PAGE LOG [log]: [Catalog] Fetching: /registry-providers/ubits/components/alert/manifest.json
PAGE LOG [log]: [Catalog] Fetching: /registry-providers/ubits/components/alert/manifest.json
🌐 [Network] GET http://localhost:3000/registry-providers/ubits/components/alert/manifest.json
🌐 [Network] GET http://localhost:3000/registry-providers/ubits/components/alert/manifest.json
   ✅ [MockRegistry] Servido manifest para: alert
   ✅ [MockRegistry] Servido manifest para: alert
PAGE LOG [log]: [Catalog] ✅ Loaded manifest: ubits/alert
PAGE LOG [log]: [Catalog] ✅ Loaded manifest: ubits/alert
PAGE LOG [log]: [Catalog] Fetching: /registry-providers/ubits/components/button/manifest.json
PAGE LOG [log]: [Catalog] Fetching: /registry-providers/ubits/components/button/manifest.json
PAGE LOG [log]: [Catalog] ✅ Loaded manifest: ubits/alert
PAGE LOG [log]: [Catalog] ✅ Loaded manifest: ubits/alert
PAGE LOG [log]: [Catalog] Fetching: /registry-providers/ubits/components/button/manifest.json
PAGE LOG [log]: [Catalog] Fetching: /registry-providers/ubits/components/button/manifest.json
🌐 [Network] GET http://localhost:3000/registry-providers/ubits/components/button/manifest.json
🌐 [Network] GET http://localhost:3000/registry-providers/ubits/components/button/manifest.json
   ✅ [MockRegistry] Servido manifest para: button
   ✅ [MockRegistry] Servido manifest para: button
PAGE LOG [log]: [Catalog] ✅ Loaded manifest: ubits/button
PAGE LOG [log]: [Catalog] ✅ Loaded manifest: ubits/button
PAGE LOG [log]: [Catalog] Fetching: /registry-providers/ubits/components/calendar/manifest.json
PAGE LOG [log]: [Catalog] Fetching: /registry-providers/ubits/components/calendar/manifest.json
PAGE LOG [log]: [Catalog] ✅ Loaded manifest: ubits/button
PAGE LOG [log]: [Catalog] ✅ Loaded manifest: ubits/button
PAGE LOG [log]: [Catalog] Fetching: /registry-providers/ubits/components/calendar/manifest.json
PAGE LOG [log]: [Catalog] Fetching: /registry-providers/ubits/components/calendar/manifest.json
🌐 [Network] GET http://localhost:3000/registry-providers/ubits/components/calendar/manifest.json
🌐 [Network] GET http://localhost:3000/registry-providers/ubits/components/calendar/manifest.json
   ✅ [MockRegistry] Servido manifest para: calendar
   ✅ [MockRegistry] Servido manifest para: calendar
PAGE LOG [log]: [Catalog] ✅ Loaded manifest: ubits/calendar
PAGE LOG [log]: [Catalog] ✅ Loaded manifest: ubits/calendar
PAGE LOG [log]: [Catalog] Fetching: /registry-providers/ubits/components/card/manifest.json
PAGE LOG [log]: [Catalog] Fetching: /registry-providers/ubits/components/card/manifest.json
PAGE LOG [log]: [Catalog] ✅ Loaded manifest: ubits/calendar
PAGE LOG [log]: [Catalog] ✅ Loaded manifest: ubits/calendar
PAGE LOG [log]: [Catalog] Fetching: /registry-providers/ubits/components/card/manifest.json
PAGE LOG [log]: [Catalog] Fetching: /registry-providers/ubits/components/card/manifest.json
🌐 [Network] GET http://localhost:3000/registry-providers/ubits/components/card/manifest.json
🌐 [Network] GET http://localhost:3000/registry-providers/ubits/components/card/manifest.json
   ✅ [MockRegistry] Servido manifest para: card
   ✅ [MockRegistry] Servido manifest para: card
PAGE LOG [log]: [Catalog] ✅ Loaded manifest: ubits/card
PAGE LOG [log]: [Catalog] ✅ Loaded manifest: ubits/card
PAGE LOG [log]: [Catalog] Fetching: /registry-providers/ubits/components/carousel/manifest.json
PAGE LOG [log]: [Catalog] Fetching: /registry-providers/ubits/components/carousel/manifest.json
PAGE LOG [log]: [Catalog] ✅ Loaded manifest: ubits/card
PAGE LOG [log]: [Catalog] ✅ Loaded manifest: ubits/card
PAGE LOG [log]: [Catalog] Fetching: /registry-providers/ubits/components/carousel/manifest.json
PAGE LOG [log]: [Catalog] Fetching: /registry-providers/ubits/components/carousel/manifest.json
🌐 [Network] GET http://localhost:3000/registry-providers/ubits/components/carousel/manifest.json
🌐 [Network] GET http://localhost:3000/registry-providers/ubits/components/carousel/manifest.json
   ✅ [MockRegistry] Servido manifest para: carousel
   ✅ [MockRegistry] Servido manifest para: carousel
PAGE LOG [log]: [Catalog] ✅ Loaded manifest: ubits/carousel
PAGE LOG [log]: [Catalog] ✅ Loaded manifest: ubits/carousel
PAGE LOG [log]: [Catalog] Fetching: /registry-providers/ubits/components/data-table/manifest.json
PAGE LOG [log]: [Catalog] Fetching: /registry-providers/ubits/components/data-table/manifest.json
🌐 [Network] GET http://localhost:3000/registry-providers/ubits/components/data-table/manifest.json
PAGE LOG [log]: [Catalog] ✅ Loaded manifest: ubits/carousel
PAGE LOG [log]: [Catalog] ✅ Loaded manifest: ubits/carousel
PAGE LOG [log]: [Catalog] Fetching: /registry-providers/ubits/components/data-table/manifest.json
PAGE LOG [log]: [Catalog] Fetching: /registry-providers/ubits/components/data-table/manifest.json
🌐 [Network] GET http://localhost:3000/registry-providers/ubits/components/data-table/manifest.json
   ✅ [MockRegistry] Servido manifest para: data-table
   ✅ [MockRegistry] Servido manifest para: data-table
PAGE LOG [log]: [Catalog] ✅ Loaded manifest: ubits/data-table
PAGE LOG [log]: [Catalog] ✅ Loaded manifest: ubits/data-table
PAGE LOG [log]: [Catalog] Fetching: /registry-providers/ubits/components/input/manifest.json
PAGE LOG [log]: [Catalog] Fetching: /registry-providers/ubits/components/input/manifest.json
PAGE LOG [log]: [Catalog] ✅ Loaded manifest: ubits/data-table
PAGE LOG [log]: [Catalog] ✅ Loaded manifest: ubits/data-table
PAGE LOG [log]: [Catalog] Fetching: /registry-providers/ubits/components/input/manifest.json
PAGE LOG [log]: [Catalog] Fetching: /registry-providers/ubits/components/input/manifest.json
🌐 [Network] GET http://localhost:3000/registry-providers/ubits/components/input/manifest.json
🌐 [Network] GET http://localhost:3000/registry-providers/ubits/components/input/manifest.json
   ✅ [MockRegistry] Servido manifest para: input
   ✅ [MockRegistry] Servido manifest para: input
PAGE LOG [log]: [Catalog] ✅ Loaded manifest: ubits/input
PAGE LOG [log]: [Catalog] ✅ Loaded manifest: ubits/input
PAGE LOG [log]: [Catalog] Fetching: /registry-providers/ubits/components/list/manifest.json
PAGE LOG [log]: [Catalog] Fetching: /registry-providers/ubits/components/list/manifest.json
PAGE LOG [log]: [Catalog] ✅ Loaded manifest: ubits/input
PAGE LOG [log]: [Catalog] ✅ Loaded manifest: ubits/input
PAGE LOG [log]: [Catalog] Fetching: /registry-providers/ubits/components/list/manifest.json
PAGE LOG [log]: [Catalog] Fetching: /registry-providers/ubits/components/list/manifest.json
🌐 [Network] GET http://localhost:3000/registry-providers/ubits/components/list/manifest.json
🌐 [Network] GET http://localhost:3000/registry-providers/ubits/components/list/manifest.json
   ✅ [MockRegistry] Servido manifest para: list
   ✅ [MockRegistry] Servido manifest para: list
PAGE LOG [log]: [Catalog] ✅ Loaded manifest: ubits/list
PAGE LOG [log]: [Catalog] ✅ Loaded manifest: ubits/list
PAGE LOG [log]: [Catalog] Fetching: /registry-providers/ubits/components/sidebar/manifest.json
PAGE LOG [log]: [Catalog] Fetching: /registry-providers/ubits/components/sidebar/manifest.json
PAGE LOG [log]: [Catalog] ✅ Loaded manifest: ubits/list
PAGE LOG [log]: [Catalog] ✅ Loaded manifest: ubits/list
PAGE LOG [log]: [Catalog] Fetching: /registry-providers/ubits/components/sidebar/manifest.json
PAGE LOG [log]: [Catalog] Fetching: /registry-providers/ubits/components/sidebar/manifest.json
🌐 [Network] GET http://localhost:3000/registry-providers/ubits/components/sidebar/manifest.json
🌐 [Network] GET http://localhost:3000/registry-providers/ubits/components/sidebar/manifest.json
   ✅ [MockRegistry] Servido manifest para: sidebar
   ✅ [MockRegistry] Servido manifest para: sidebar
PAGE LOG [log]: [Catalog] ✅ Loaded manifest: ubits/sidebar
PAGE LOG [log]: [Catalog] ✅ Loaded manifest: ubits/sidebar
PAGE LOG [log]: [Catalog] Fetching: /registry-providers/ubits/components/subnav/manifest.json
PAGE LOG [log]: [Catalog] Fetching: /registry-providers/ubits/components/subnav/manifest.json
PAGE LOG [log]: [Catalog] ✅ Loaded manifest: ubits/sidebar
PAGE LOG [log]: [Catalog] ✅ Loaded manifest: ubits/sidebar
PAGE LOG [log]: [Catalog] Fetching: /registry-providers/ubits/components/subnav/manifest.json
PAGE LOG [log]: [Catalog] Fetching: /registry-providers/ubits/components/subnav/manifest.json
🌐 [Network] GET http://localhost:3000/registry-providers/ubits/components/subnav/manifest.json
🌐 [Network] GET http://localhost:3000/registry-providers/ubits/components/subnav/manifest.json
   ✅ [MockRegistry] Servido manifest para: subnav
   ✅ [MockRegistry] Servido manifest para: subnav
PAGE LOG [log]: [Catalog] ✅ Loaded manifest: ubits/subnav
PAGE LOG [log]: [Catalog] ✅ Loaded manifest: ubits/subnav
PAGE LOG [log]: [Catalog] Fetching: /registry-providers/ubits/components/tabbar/manifest.json
PAGE LOG [log]: [Catalog] Fetching: /registry-providers/ubits/components/tabbar/manifest.json
🌐 [Network] GET http://localhost:3000/registry-providers/ubits/components/tabbar/manifest.json
PAGE LOG [log]: [Catalog] ✅ Loaded manifest: ubits/subnav
PAGE LOG [log]: [Catalog] ✅ Loaded manifest: ubits/subnav
PAGE LOG [log]: [Catalog] Fetching: /registry-providers/ubits/components/tabbar/manifest.json
PAGE LOG [log]: [Catalog] Fetching: /registry-providers/ubits/components/tabbar/manifest.json
🌐 [Network] GET http://localhost:3000/registry-providers/ubits/components/tabbar/manifest.json
   ✅ [MockRegistry] Servido manifest para: tabbar
   ✅ [MockRegistry] Servido manifest para: tabbar
PAGE LOG [log]: [Catalog] ✅ Loaded manifest: ubits/tabbar
PAGE LOG [log]: [Catalog] ✅ Loaded manifest: ubits/tabbar
PAGE LOG [log]: [Catalog] Fetching: /registry-providers/ubits/components/toast/manifest.json
PAGE LOG [log]: [Catalog] Fetching: /registry-providers/ubits/components/toast/manifest.json
PAGE LOG [log]: [Catalog] ✅ Loaded manifest: ubits/tabbar
PAGE LOG [log]: [Catalog] ✅ Loaded manifest: ubits/tabbar
PAGE LOG [log]: [Catalog] Fetching: /registry-providers/ubits/components/toast/manifest.json
PAGE LOG [log]: [Catalog] Fetching: /registry-providers/ubits/components/toast/manifest.json
🌐 [Network] GET http://localhost:3000/registry-providers/ubits/components/toast/manifest.json
🌐 [Network] GET http://localhost:3000/registry-providers/ubits/components/toast/manifest.json
   ✅ [MockRegistry] Servido manifest para: toast
   ✅ [MockRegistry] Servido manifest para: toast
PAGE LOG [log]: [Catalog] ✅ Loaded manifest: ubits/toast
PAGE LOG [log]: [Catalog] ✅ Loaded manifest: ubits/toast
PAGE LOG [log]: [Catalog] Fetching: /registry-providers/ubits/components/tokens-ubits/manifest.json
PAGE LOG [log]: [Catalog] Fetching: /registry-providers/ubits/components/tokens-ubits/manifest.json
PAGE LOG [log]: [Catalog] ✅ Loaded manifest: ubits/toast
PAGE LOG [log]: [Catalog] ✅ Loaded manifest: ubits/toast
PAGE LOG [log]: [Catalog] Fetching: /registry-providers/ubits/components/tokens-ubits/manifest.json
PAGE LOG [log]: [Catalog] Fetching: /registry-providers/ubits/components/tokens-ubits/manifest.json
🌐 [Network] GET http://localhost:3000/registry-providers/ubits/components/tokens-ubits/manifest.json
🌐 [Network] GET http://localhost:3000/registry-providers/ubits/components/tokens-ubits/manifest.json
   ✅ [MockRegistry] Servido manifest para: tokens-ubits
   ✅ [MockRegistry] Servido manifest para: tokens-ubits
PAGE LOG [log]: [Catalog] ✅ Loaded manifest: ubits/tokens-ubits
PAGE LOG [log]: [Catalog] ✅ Loaded manifest: ubits/tokens-ubits
PAGE LOG [log]: [Catalog] Found 14 manifests
PAGE LOG [log]: [Catalog] Found 14 manifests
PAGE LOG [log]: [Catalog] ✅ Registered: ubits/accordion
PAGE LOG [log]: [Catalog] ✅ Registered: ubits/accordion
PAGE LOG [log]: [Catalog] ✅ Registered: ubits/alert
PAGE LOG [log]: [Catalog] ✅ Registered: ubits/alert
PAGE LOG [log]: [Catalog] ✅ Registered: ubits/button
PAGE LOG [log]: [Catalog] ✅ Registered: ubits/button
PAGE LOG [log]: [Catalog] ✅ Registered: ubits/calendar
PAGE LOG [log]: [Catalog] ✅ Registered: ubits/calendar
PAGE LOG [log]: [Catalog] ✅ Registered: ubits/card
PAGE LOG [log]: [Catalog] ✅ Registered: ubits/card
PAGE LOG [log]: [Catalog] ✅ Registered: ubits/carousel
PAGE LOG [log]: [Catalog] ✅ Registered: ubits/carousel
PAGE LOG [log]: [Catalog] ✅ Registered: ubits/data-table
PAGE LOG [log]: [Catalog] ✅ Registered: ubits/data-table
PAGE LOG [log]: [Catalog] ✅ Registered: ubits/input
PAGE LOG [log]: [Catalog] ✅ Registered: ubits/input
PAGE LOG [log]: [Catalog] ✅ Registered: ubits/list
PAGE LOG [log]: [Catalog] ✅ Registered: ubits/list
PAGE LOG [log]: [Catalog] ✅ Registered: ubits/sidebar
PAGE LOG [log]: [Catalog] ✅ Registered: ubits/sidebar
PAGE LOG [log]: [Catalog] ✅ Registered: ubits/subnav
PAGE LOG [log]: [Catalog] ✅ Registered: ubits/subnav
PAGE LOG [log]: [Catalog] ✅ Registered: ubits/tabbar
PAGE LOG [log]: [Catalog] ✅ Registered: ubits/tabbar
PAGE LOG [log]: [Catalog] ✅ Registered: ubits/toast
PAGE LOG [log]: [Catalog] ✅ Registered: ubits/toast
PAGE LOG [log]: [Catalog] ✅ Registered: ubits/tokens-ubits
PAGE LOG [log]: [Catalog] ✅ Registered: ubits/tokens-ubits
PAGE LOG [log]: [Catalog] ✅ Loaded 14 components
PAGE LOG [log]: [Catalog] ✅ Loaded 14 components
PAGE LOG [log]: [Catalog] Providers: 1
PAGE LOG [log]: [Catalog] Providers: 1
PAGE LOG [log]: [Catalog] Categories: 0
PAGE LOG [log]: [Catalog] Categories: 0
PAGE LOG [log]: [Autorun] ✅ Catalog loaded: 14 components
PAGE LOG [log]: [Autorun] ✅ Catalog loaded: 14 components
PAGE LOG [log]: [Autorun] ✅ Preflight validator activated
PAGE LOG [log]: [Autorun] ✅ Preflight validator activated
PAGE LOG [log]: [Autorun] ✅ Runtime normalizer activated
PAGE LOG [log]: [Autorun] ✅ Runtime normalizer activated
PAGE LOG [log]: [Autorun] ✅ Wrapper presets available: cardColumn, fullWidth, centered, inline
PAGE LOG [log]: [Autorun] ✅ Wrapper presets available: cardColumn, fullWidth, centered, inline
PAGE LOG [log]: [Autorun] ✅ Adapters available: accordion
PAGE LOG [log]: [Autorun] ✅ Adapters available: accordion
PAGE LOG [log]: [Autorun] ✅ Script prohibition active (build-time)
PAGE LOG [log]: [Autorun] ✅ Script prohibition active (build-time)
PAGE LOG [log]: [Autorun] 🎉 Boot complete - System READY
PAGE LOG [log]: [Autorun] 🎉 Boot complete - System READY
PAGE LOG [log]: ✅ Autorun V2 Runtime initialized successfully
PAGE LOG [log]: ✅ Autorun V2 Runtime initialized successfully
PAGE LOG [log]: [Catalog] ✅ Loaded manifest: ubits/tokens-ubits
PAGE LOG [log]: [Catalog] ✅ Loaded manifest: ubits/tokens-ubits
PAGE LOG [log]: [Catalog] Found 14 manifests
PAGE LOG [log]: [Catalog] Found 14 manifests
PAGE LOG [log]: [Catalog] ✅ Registered: ubits/accordion
PAGE LOG [log]: [Catalog] ✅ Registered: ubits/accordion
PAGE LOG [log]: [Catalog] ✅ Registered: ubits/alert
PAGE LOG [log]: [Catalog] ✅ Registered: ubits/alert
PAGE LOG [log]: [Catalog] ✅ Registered: ubits/button
PAGE LOG [log]: [Catalog] ✅ Registered: ubits/button
PAGE LOG [log]: [Catalog] ✅ Registered: ubits/calendar
PAGE LOG [log]: [Catalog] ✅ Registered: ubits/calendar
PAGE LOG [log]: [Catalog] ✅ Registered: ubits/card
PAGE LOG [log]: [Catalog] ✅ Registered: ubits/card
PAGE LOG [log]: [Catalog] ✅ Registered: ubits/carousel
PAGE LOG [log]: [Catalog] ✅ Registered: ubits/carousel
PAGE LOG [log]: [Catalog] ✅ Registered: ubits/data-table
PAGE LOG [log]: [Catalog] ✅ Registered: ubits/data-table
PAGE LOG [log]: [Catalog] ✅ Registered: ubits/input
PAGE LOG [log]: [Catalog] ✅ Registered: ubits/input
PAGE LOG [log]: [Catalog] ✅ Registered: ubits/list
PAGE LOG [log]: [Catalog] ✅ Registered: ubits/list
PAGE LOG [log]: [Catalog] ✅ Registered: ubits/sidebar
PAGE LOG [log]: [Catalog] ✅ Registered: ubits/sidebar
PAGE LOG [log]: [Catalog] ✅ Registered: ubits/subnav
PAGE LOG [log]: [Catalog] ✅ Registered: ubits/subnav
PAGE LOG [log]: [Catalog] ✅ Registered: ubits/tabbar
PAGE LOG [log]: [Catalog] ✅ Registered: ubits/tabbar
PAGE LOG [log]: [Catalog] ✅ Registered: ubits/toast
PAGE LOG [log]: [Catalog] ✅ Registered: ubits/toast
PAGE LOG [log]: [Catalog] ✅ Registered: ubits/tokens-ubits
PAGE LOG [log]: [Catalog] ✅ Registered: ubits/tokens-ubits
PAGE LOG [log]: [Catalog] ✅ Loaded 14 components
PAGE LOG [log]: [Catalog] ✅ Loaded 14 components
PAGE LOG [log]: [Catalog] Providers: 1
PAGE LOG [log]: [Catalog] Providers: 1
PAGE LOG [log]: [Catalog] Categories: 0
PAGE LOG [log]: [Catalog] Categories: 0
PAGE LOG [log]: [Autorun] ✅ Catalog loaded: 14 components
PAGE LOG [log]: [Autorun] ✅ Catalog loaded: 14 components
PAGE LOG [log]: [Autorun] ✅ Preflight validator activated
PAGE LOG [log]: [Autorun] ✅ Preflight validator activated
PAGE LOG [log]: [Autorun] ✅ Runtime normalizer activated
PAGE LOG [log]: [Autorun] ✅ Runtime normalizer activated
PAGE LOG [log]: [Autorun] ✅ Wrapper presets available: cardColumn, fullWidth, centered, inline
PAGE LOG [log]: [Autorun] ✅ Wrapper presets available: cardColumn, fullWidth, centered, inline
PAGE LOG [log]: [Autorun] ✅ Adapters available: accordion
PAGE LOG [log]: [Autorun] ✅ Adapters available: accordion
PAGE LOG [log]: [Autorun] ✅ Script prohibition active (build-time)
PAGE LOG [log]: [Autorun] ✅ Script prohibition active (build-time)
PAGE LOG [log]: [Autorun] 🎉 Boot complete - System READY
PAGE LOG [log]: [Autorun] 🎉 Boot complete - System READY
PAGE LOG [log]: ✅ Autorun V2 Runtime initialized successfully
PAGE LOG [log]: ✅ Autorun V2 Runtime initialized successfully
PAGE LOG [log]: 🔍 [CSS Check] Verificando hojas de estilo cargadas...
PAGE LOG [log]: 🔍 [CSS Check] Verificando hojas de estilo cargadas...
PAGE LOG [log]: 📊 [CSS Check] Total de hojas de estilo encontradas: 8
PAGE LOG [log]: 📊 [CSS Check] Total de hojas de estilo encontradas: 8
PAGE LOG [log]: ✅ [CSS Check] tokens.css encontrado
PAGE LOG [log]: ✅ [CSS Check] tokens.css encontrado
PAGE LOG [log]: ❌ [CSS Check] sidebar.css NO encontrado
PAGE LOG [log]: ❌ [CSS Check] sidebar.css NO encontrado
PAGE LOG [log]: ❌ [CSS Check] subnav.css NO encontrado
PAGE LOG [log]: ❌ [CSS Check] subnav.css NO encontrado
PAGE LOG [log]: ❌ [CSS Check] tabbar.css NO encontrado
PAGE LOG [log]: ❌ [CSS Check] tabbar.css NO encontrado
PAGE LOG [log]: ❌ [CSS Check] button.css NO encontrado
PAGE LOG [log]: ❌ [CSS Check] button.css NO encontrado
PAGE LOG [log]: ✅ [CSS Check] tokens.css encontrado: http://localhost:3000/vendor/ubits/packages/tokens/dist/tokens.css
PAGE LOG [log]: ✅ [CSS Check] tokens.css encontrado: http://localhost:3000/vendor/ubits/packages/tokens/dist/tokens.css
PAGE LOG [log]: 📊 [CSS Check] Reglas en tokens.css: 2
PAGE LOG [log]: 📊 [CSS Check] Reglas en tokens.css: 2
PAGE LOG [log]: 📋 [CSS Check] Primera regla: :root { --ubits-accent-brand: #0c5bef; --ubits-accent-brand-inverted: #3865f5; --ubits-accent-brand-
PAGE LOG [log]: 📋 [CSS Check] Primera regla: :root { --ubits-accent-brand: #0c5bef; --ubits-accent-brand-inverted: #3865f5; --ubits-accent-brand-
PAGE LOG [log]: ✅ Responsive Manager inicializado
PAGE LOG [log]: ✅ Responsive Manager inicializado
PAGE LOG [log]: 📱 [ResponsiveManager.adaptComponents] ════════════════════════════════════════
PAGE LOG [log]: 📱 [ResponsiveManager.adaptComponents] ════════════════════════════════════════
PAGE LOG [log]: 📱 [ResponsiveManager.adaptComponents] isDesktopOrMore: true
PAGE LOG [log]: 📱 [ResponsiveManager.adaptComponents] isDesktopOrMore: true
PAGE LOG [log]: 📱 [ResponsiveManager.adaptComponents] ContentManager existe: false
PAGE LOG [log]: 📱 [ResponsiveManager.adaptComponents] ContentManager existe: false
PAGE LOG [log]: 📱 [ResponsiveManager.adaptComponents] currentSection: null/undefined
PAGE LOG [log]: 📱 [ResponsiveManager.adaptComponents] currentSection: null/undefined
PAGE LOG [log]: 📱 [ResponsiveManager.adaptComponents] ⚠️ NO se actualizará SubNav porque:
PAGE LOG [log]: 📱 [ResponsiveManager.adaptComponents] ⚠️ NO se actualizará SubNav porque:
PAGE LOG [log]:    - isDesktopOrMore: true
PAGE LOG [log]:    - isDesktopOrMore: true
PAGE LOG [log]:    - ContentManager existe: false
PAGE LOG [log]:    - ContentManager existe: false
PAGE LOG [log]:    - currentSection existe: false
PAGE LOG [log]:    - currentSection existe: false
PAGE LOG [log]: 📱 [ResponsiveManager.adaptComponents] ════════════════════════════════════════
PAGE LOG [log]: 📱 [ResponsiveManager.adaptComponents] ════════════════════════════════════════
PAGE LOG [log]: 📱 [ResponsiveManager] Width: 1280px | Breakpoint: wide
PAGE LOG [log]: 📱 [ResponsiveManager] Width: 1280px | Breakpoint: wide
PAGE LOG [log]:    → Sidebar: ✅ VISIBLE
PAGE LOG [log]:    → Sidebar: ✅ VISIBLE
PAGE LOG [log]:    → TabBar: ❌ OCULTO
PAGE LOG [log]:    → TabBar: ❌ OCULTO
PAGE LOG [log]: 🔗 [Wizard] Actualizando enlaces entre templates...
PAGE LOG [log]: 🔗 [Wizard] Actualizando enlaces entre templates...
PAGE LOG [log]: 🔗 [Wizard] Archivo objetivo: canvas-colaborador-encuestas-2026-02-16.html
PAGE LOG [log]: 🔗 [Wizard] Archivo objetivo: canvas-colaborador-encuestas-2026-02-16.html
PAGE LOG [log]: 🔗 [Wizard] Botones del sidebar encontrados: 0
PAGE LOG [log]: 🔗 [Wizard] Botones del sidebar encontrados: 0
PAGE LOG [log]: 🔗 [Wizard] Items del menú de perfil encontrados: 0
PAGE LOG [log]: 🔗 [Wizard] Items del menú de perfil encontrados: 0
PAGE LOG [log]: 🔗 [Wizard] ✅ Enlaces actualizados
PAGE LOG [log]: 🔗 [Wizard] ✅ Enlaces actualizados
PAGE LOG [log]: ✅ [Template Admin] MutationObserver configurado para eliminar HeaderSection
PAGE LOG [log]: ✅ [Template Admin] MutationObserver configurado para eliminar HeaderSection
PAGE LOG [log]: 🔵 [Wizard-Glue] ✅ Sidebar detectado (intento 1)
PAGE LOG [log]: 🔵 [Wizard-Glue] ✅ Sidebar detectado (intento 1)
PAGE LOG [log]: 🔵 [Wizard-Glue] Listeners de click instalados.
PAGE LOG [log]: 🔵 [Wizard-Glue] Listeners de click instalados.

❌ FATAL CONSOLE ERRORS DETECTED:
   - [loadComponent] ❌ window.createSidebar NO es una función: undefined
   - [loadComponent] ❌ window.createTabBar NO es una función: undefined

━━━━━━━━━━━━━━━━━━━━━━━━━━━━━━━━━━━━━━━━━━━━━━━━━━━━━━━
🔎 AUTORUN V2 IMPL CHECK
━━━━━━━━━━━━━━━━━━━━━━━━━━━━━━━━━━━━━━━━━━━━━━━━━━━━━━━
🔗 PREVIEW URL: http://localhost:3000/canvas-administrador-encuestas-2026-02-16.html
━━━━━━━━━━━━━━━━━━━━━━━━━━━━━━━━━━━━━━━━━━━━━━━━━━━━━━━
📜 DETECTED BOOT REPORT:
{
  "timestamp": 1771354421141,
  "status": "READY",
  "catalogSize": 14,
  "schemaVersion": "2.0",
  "ubitsReady": true,
  "validatorActive": true,
  "normalizerActive": true,
  "loggerActive": true,
  "presetsAvailable": [
    "cardColumn",
    "fullWidth",
    "centered",
    "inline"
  ],
  "adaptersAvailable": [
    "accordion"
  ],
  "prohibitionActive": true,
  "rules": {
    "noAdHocScripts": true,
    "noStorybookAPIs": true,
    "registryOnly": true
  },
  "errors": [],
  "warnings": []
}
━━━━━━━━━━━━━━━━━━━━━━━━━━━━━━━━━━━━━━━━━━━━━━━━━━━━━━━
❌ VERIFICATION FAILED
   - 2 fatal console errors detected
━━━━━━━━━━━━━━━━━━━━━━━━━━━━━━━━━━━━━━━━━━━━━━━━━━━━━━━

🚫 BLOCKED: BOOT NOT READY

🛑 SESSION BLOCKED
   verify-boot-impl.ts failed with exit code 1
